[ 1385109ms] [LOG] [ManaMesh] timestreams page boot @ file:///Users/cyotee/Development/github-cyotee/manamesh-games/dist/timestreams.html:246
[ 1872157ms] [LOG] [ManaMesh] timestreams page boot @ file:///Users/cyotee/Development/github-cyotee/manamesh-games/dist/timestreams.html:246
[ 1892523ms] [LOG] Claimed era: future @ file:///Users/cyotee/Development/github-cyotee/manamesh-games/dist/timestreams.html:246
[ 2695732ms] [LOG] [ManaMesh] timestreams page boot @ file:///Users/cyotee/Development/github-cyotee/manamesh-games/dist/timestreams.html:246
[ 2697030ms] [ERROR] [TimestreamsLobby] Error: TypeError: Cannot read properties of undefined (reading 'subscribe')
    at _R.start (file:///Users/cyotee/Development/github-cyotee/manamesh-games/dist/timestreams.html:242:8599)
    at Dde.hostTable (file:///Users/cyotee/Development/github-cyotee/manamesh-games/dist/timestreams.html:242:12206)
    at async Dde.start (file:///Users/cyotee/Development/github-cyotee/manamesh-games/dist/timestreams.html:242:11282) @ file:///Users/cyotee/Development/github-cyotee/manamesh-games/dist/timestreams.html:246
[ 2697031ms] [ERROR] [TimestreamsApp] Lobby error: TypeError: Cannot read properties of undefined (reading 'subscribe')
    at _R.start (file:///Users/cyotee/Development/github-cyotee/manamesh-games/dist/timestreams.html:242:8599)
    at Dde.hostTable (file:///Users/cyotee/Development/github-cyotee/manamesh-games/dist/timestreams.html:242:12206)
    at async Dde.start (file:///Users/cyotee/Development/github-cyotee/manamesh-games/dist/timestreams.html:242:11282) @ file:///Users/cyotee/Development/github-cyotee/manamesh-games/dist/timestreams.html:246
[ 2697032ms] [ERROR] Failed to start matchmaking (P2P may not be available on file://): TypeError: Cannot read properties of undefined (reading 'subscribe')
    at _R.start (file:///Users/cyotee/Development/github-cyotee/manamesh-games/dist/timestreams.html:242:8599)
    at Dde.hostTable (file:///Users/cyotee/Development/github-cyotee/manamesh-games/dist/timestreams.html:242:12206)
    at async Dde.start (file:///Users/cyotee/Development/github-cyotee/manamesh-games/dist/timestreams.html:242:11282) @ file:///Users/cyotee/Development/github-cyotee/manamesh-games/dist/timestreams.html:246
[ 2697038ms] [ERROR] [TimestreamsLobby] Error: TypeError: Cannot read properties of undefined (reading 'subscribe')
    at _R.start (file:///Users/cyotee/Development/github-cyotee/manamesh-games/dist/timestreams.html:242:8599)
    at Dde.hostTable (file:///Users/cyotee/Development/github-cyotee/manamesh-games/dist/timestreams.html:242:12206)
    at async Dde.start (file:///Users/cyotee/Development/github-cyotee/manamesh-games/dist/timestreams.html:242:11282) @ file:///Users/cyotee/Development/github-cyotee/manamesh-games/dist/timestreams.html:246
[ 2697038ms] [ERROR] [TimestreamsApp] Lobby error: TypeError: Cannot read properties of undefined (reading 'subscribe')
    at _R.start (file:///Users/cyotee/Development/github-cyotee/manamesh-games/dist/timestreams.html:242:8599)
    at Dde.hostTable (file:///Users/cyotee/Development/github-cyotee/manamesh-games/dist/timestreams.html:242:12206)
    at async Dde.start (file:///Users/cyotee/Development/github-cyotee/manamesh-games/dist/timestreams.html:242:11282) @ file:///Users/cyotee/Development/github-cyotee/manamesh-games/dist/timestreams.html:246
[ 2697039ms] [ERROR] Failed to start matchmaking (P2P may not be available on file://): TypeError: Cannot read properties of undefined (reading 'subscribe')
    at _R.start (file:///Users/cyotee/Development/github-cyotee/manamesh-games/dist/timestreams.html:242:8599)
    at Dde.hostTable (file:///Users/cyotee/Development/github-cyotee/manamesh-games/dist/timestreams.html:242:12206)
    at async Dde.start (file:///Users/cyotee/Development/github-cyotee/manamesh-games/dist/timestreams.html:242:11282) @ file:///Users/cyotee/Development/github-cyotee/manamesh-games/dist/timestreams.html:246
[ 2701436ms] [ERROR] WebSocket connection to 'wss://47-184-78-130.k51qzi5uqu5diez7iy63f3gfcdgzqez1ws0kb4lar6zpan810us3ad0y0ojkr4.libp2p.direct:4001/' failed: Error in connection establishment: net::ERR_CERT_DATE_INVALID @ file:///Users/cyotee/Development/github-cyotee/manamesh-games/dist/timestreams.html:199
[ 2701623ms] [LOG] Claimed era: future @ file:///Users/cyotee/Development/github-cyotee/manamesh-games/dist/timestreams.html:246
[ 2716548ms] [LOG] [ManaMesh] timestreams page boot @ file:///Users/cyotee/Development/github-cyotee/manamesh-games/dist/timestreams.html?room=MQCBLE&host=true:246
[ 2720771ms] [ERROR] [TimestreamsLobby] Error: TypeError: Cannot read properties of undefined (reading 'subscribe')
    at _R.start (file:///Users/cyotee/Development/github-cyotee/manamesh-games/dist/timestreams.html?room=MQCBLE&host=true:242:8599)
    at Dde.hostTable (file:///Users/cyotee/Development/github-cyotee/manamesh-games/dist/timestreams.html?room=MQCBLE&host=true:242:12206)
    at async Dde.start (file:///Users/cyotee/Development/github-cyotee/manamesh-games/dist/timestreams.html?room=MQCBLE&host=true:242:11282) @ file:///Users/cyotee/Development/github-cyotee/manamesh-games/dist/timestreams.html?room=MQCBLE&host=true:246
[ 2720771ms] [ERROR] [TimestreamsApp] Lobby error: TypeError: Cannot read properties of undefined (reading 'subscribe')
    at _R.start (file:///Users/cyotee/Development/github-cyotee/manamesh-games/dist/timestreams.html?room=MQCBLE&host=true:242:8599)
    at Dde.hostTable (file:///Users/cyotee/Development/github-cyotee/manamesh-games/dist/timestreams.html?room=MQCBLE&host=true:242:12206)
    at async Dde.start (file:///Users/cyotee/Development/github-cyotee/manamesh-games/dist/timestreams.html?room=MQCBLE&host=true:242:11282) @ file:///Users/cyotee/Development/github-cyotee/manamesh-games/dist/timestreams.html?room=MQCBLE&host=true:246
[ 2720773ms] [ERROR] Failed to start matchmaking (P2P may not be available on file://): TypeError: Cannot read properties of undefined (reading 'subscribe')
    at _R.start (file:///Users/cyotee/Development/github-cyotee/manamesh-games/dist/timestreams.html?room=MQCBLE&host=true:242:8599)
    at Dde.hostTable (file:///Users/cyotee/Development/github-cyotee/manamesh-games/dist/timestreams.html?room=MQCBLE&host=true:242:12206)
    at async Dde.start (file:///Users/cyotee/Development/github-cyotee/manamesh-games/dist/timestreams.html?room=MQCBLE&host=true:242:11282) @ file:///Users/cyotee/Development/github-cyotee/manamesh-games/dist/timestreams.html?room=MQCBLE&host=true:246
[ 2720778ms] [ERROR] [TimestreamsLobby] Error: TypeError: Cannot read properties of undefined (reading 'subscribe')
    at _R.start (file:///Users/cyotee/Development/github-cyotee/manamesh-games/dist/timestreams.html?room=MQCBLE&host=true:242:8599)
    at Dde.hostTable (file:///Users/cyotee/Development/github-cyotee/manamesh-games/dist/timestreams.html?room=MQCBLE&host=true:242:12206)
    at async Dde.start (file:///Users/cyotee/Development/github-cyotee/manamesh-games/dist/timestreams.html?room=MQCBLE&host=true:242:11282) @ file:///Users/cyotee/Development/github-cyotee/manamesh-games/dist/timestreams.html?room=MQCBLE&host=true:246
[ 2720779ms] [ERROR] [TimestreamsApp] Lobby error: TypeError: Cannot read properties of undefined (reading 'subscribe')
    at _R.start (file:///Users/cyotee/Development/github-cyotee/manamesh-games/dist/timestreams.html?room=MQCBLE&host=true:242:8599)
    at Dde.hostTable (file:///Users/cyotee/Development/github-cyotee/manamesh-games/dist/timestreams.html?room=MQCBLE&host=true:242:12206)
    at async Dde.start (file:///Users/cyotee/Development/github-cyotee/manamesh-games/dist/timestreams.html?room=MQCBLE&host=true:242:11282) @ file:///Users/cyotee/Development/github-cyotee/manamesh-games/dist/timestreams.html?room=MQCBLE&host=true:246
[ 2720779ms] [ERROR] Failed to start matchmaking (P2P may not be available on file://): TypeError: Cannot read properties of undefined (reading 'subscribe')
    at _R.start (file:///Users/cyotee/Development/github-cyotee/manamesh-games/dist/timestreams.html?room=MQCBLE&host=true:242:8599)
    at Dde.hostTable (file:///Users/cyotee/Development/github-cyotee/manamesh-games/dist/timestreams.html?room=MQCBLE&host=true:242:12206)
    at async Dde.start (file:///Users/cyotee/Development/github-cyotee/manamesh-games/dist/timestreams.html?room=MQCBLE&host=true:242:11282) @ file:///Users/cyotee/Development/github-cyotee/manamesh-games/dist/timestreams.html?room=MQCBLE&host=true:246
[ 2723763ms] [ERROR] WebSocket connection to 'wss://47-184-78-130.k51qzi5uqu5diez7iy63f3gfcdgzqez1ws0kb4lar6zpan810us3ad0y0ojkr4.libp2p.direct:4001/' failed: Error in connection establishment: net::ERR_CERT_DATE_INVALID @ file:///Users/cyotee/Development/github-cyotee/manamesh-games/dist/timestreams.html?room=MQCBLE&host=true:199
